data/breakfast-at-the-frat/subsets/incomplete/7192100336-12011-incomplete.csv
"WEEK_END_DATE","STORE_NUM","UPC","UNITS","VISITS","HHS","SPEND","PRICE","BASE_PRICE","FEATURE","DISPLAY","TPR_ONLY","WEEK_END_DATE_2","YEAR","MONTH","DAY_OF_MONTH","ABS_DISCOUNT","REL_DISCOUNT"
"14-01-2009",12011,7192100336,10,8,8,60.3,6.03,6.29,1,0,0,2009-01-14,2009,1,14,-0.26,-0.041335453100159
"21-01-2009",12011,7192100336,10,9,9,59.9,5.99,6.29,1,0,0,2009-01-21,2009,1,21,-0.3,-0.0476947535771065
"04-02-2009",12011,7192100336,4,4,4,25.16,6.29,6.29,0,0,0,2009-02-04,2009,2,4,0,0
"11-02-2009",12011,7192100336,2,2,2,12.78,6.39,6.39,0,0,0,2009-02-11,2009,2,11,0,0
"18-02-2009",12011,7192100336,8,8,8,51.12,6.39,6.39,0,0,0,2009-02-18,2009,2,18,0,0
"25-02-2009",12011,7192100336,4,4,4,25.56,6.39,6.39,0,0,0,2009-02-25,2009,2,25,0,0
"04-03-2009",12011,7192100336,2,2,2,12.24,6.12,6.12,0,0,0,2009-03-04,2009,3,4,0,0
"11-03-2009",12011,7192100336,9,9,9,53.91,5.99,5.99,0,0,0,2009-03-11,2009,3,11,0,0
"18-03-2009",12011,7192100336,7,7,7,41.93,5.99,5.99,0,0,0,2009-03-18,2009,3,18,0,0
"25-03-2009",12011,7192100336,5,4,4,29.95,5.99,5.99,0,0,0,2009-03-25,2009,3,25,0,0
"01-04-2009",12011,7192100336,3,3,3,16.47,5.49,5.99,1,0,0,2009-04-01,2009,4,1,-0.5,-0.0834724540901502
"08-04-2009",12011,7192100336,11,10,10,60.39,5.49,5.99,1,1,0,2009-04-08,2009,4,8,-0.5,-0.0834724540901502
"15-04-2009",12011,7192100336,6,6,6,39.54,6.59,6.59,0,0,0,2009-04-15,2009,4,15,0,0
"22-04-2009",12011,7192100336,2,2,2,13.18,6.59,6.59,0,0,0,2009-04-22,2009,4,22,0,0
"06-05-2009",12011,7192100336,6,6,6,39.54,6.59,6.59,0,0,0,2009-05-06,2009,5,6,0,0
"13-05-2009",12011,7192100336,4,3,3,26.36,6.59,6.59,0,0,0,2009-05-13,2009,5,13,0,0
"20-05-2009",12011,7192100336,3,3,3,19.77,6.59,6.59,0,0,0,2009-05-20,2009,5,20,0,0
"27-05-2009",12011,7192100336,13,10,10,64.87,4.99,6.59,1,0,0,2009-05-27,2009,5,27,-1.6,-0.242792109256449
"03-06-2009",12011,7192100336,6,6,6,29.94,4.99,6.59,1,0,0,2009-06-03,2009,6,3,-1.6,-0.242792109256449
"10-06-2009",12011,7192100336,4,4,4,26.36,6.59,6.59,0,0,0,2009-06-10,2009,6,10,0,0
"17-06-2009",12011,7192100336,11,9,7,72.49,6.59,6.59,0,0,0,2009-06-17,2009,6,17,0,0
"24-06-2009",12011,7192100336,1,1,1,6.59,6.59,6.59,0,0,0,2009-06-24,2009,6,24,0,0
"01-07-2009",12011,7192100336,2,2,2,13.18,6.59,6.59,0,0,0,2009-07-01,2009,7,1,0,0
"08-07-2009",12011,7192100336,22,15,15,109.78,4.99,6.59,1,0,0,2009-07-08,2009,7,8,-1.6,-0.242792109256449
"15-07-2009",12011,7192100336,10,10,10,49.9,4.99,6.59,1,0,0,2009-07-15,2009,7,15,-1.6,-0.242792109256449
"22-07-2009",12011,7192100336,3,3,3,19.77,6.59,6.59,0,0,0,2009-07-22,2009,7,22,0,0
"29-07-2009",12011,7192100336,4,4,4,26.36,6.59,6.59,0,0,0,2009-07-29,2009,7,29,0,0
"05-08-2009",12011,7192100336,10,8,8,65.9,6.59,6.59,0,0,0,2009-08-05,2009,8,5,0,0
"12-08-2009",12011,7192100336,5,5,5,32.95,6.59,6.59,0,0,0,2009-08-12,2009,8,12,0,0
"19-08-2009",12011,7192100336,5,4,4,32.95,6.59,6.59,0,0,0,2009-08-19,2009,8,19,0,0
"26-08-2009",12011,7192100336,5,5,5,32.95,6.59,6.59,0,0,0,2009-08-26,2009,8,26,0,0
"02-09-2009",12011,7192100336,10,7,7,65.9,6.59,6.59,0,0,0,2009-09-02,2009,9,2,0,0
"09-09-2009",12011,7192100336,8,8,8,52.72,6.59,6.59,0,0,0,2009-09-09,2009,9,9,0,0
"16-09-2009",12011,7192100336,2,2,2,13.18,6.59,6.59,0,0,0,2009-09-16,2009,9,16,0,0
"23-09-2009",12011,7192100336,28,25,23,120.96,4.32,6.59,1,1,0,2009-09-23,2009,9,23,-2.27,-0.344461305007587
"30-09-2009",12011,7192100336,42,32,29,187.74,4.47,6.59,1,0,0,2009-09-30,2009,9,30,-2.12,-0.321699544764795
"07-10-2009",12011,7192100336,5,5,5,22.35,4.47,6.59,0,0,1,2009-10-07,2009,10,7,-2.12,-0.321699544764795
"14-10-2009",12011,7192100336,3,3,3,13.41,4.47,6.59,0,0,1,2009-10-14,2009,10,14,-2.12,-0.321699544764795
"21-10-2009",12011,7192100336,2,2,2,13.18,6.59,6.59,0,0,0,2009-10-21,2009,10,21,0,0
"28-10-2009",12011,7192100336,2,2,2,13.18,6.59,6.59,0,0,0,2009-10-28,2009,10,28,0,0
"04-11-2009",12011,7192100336,8,8,8,52.72,6.59,6.59,0,0,0,2009-11-04,2009,11,4,0,0
"11-11-2009",12011,7192100336,6,5,5,39.54,6.59,6.59,0,0,0,2009-11-11,2009,11,11,0,0
"18-11-2009",12011,7192100336,16,15,15,88.8,5.55,6.59,1,0,0,2009-11-18,2009,11,18,-1.04,-0.157814871016692
"25-11-2009",12011,7192100336,17,14,14,94.35,5.55,6.59,1,0,0,2009-11-25,2009,11,25,-1.04,-0.157814871016692
"02-12-2009",12011,7192100336,9,7,7,49.41,5.49,6.59,1,0,0,2009-12-02,2009,12,2,-1.1,-0.166919575113809
"09-12-2009",12011,7192100336,9,8,8,58.32,6.48,6.48,0,0,0,2009-12-09,2009,12,9,0,0
"16-12-2009",12011,7192100336,13,12,12,85.67,6.59,6.59,0,0,0,2009-12-16,2009,12,16,0,0
"23-12-2009",12011,7192100336,8,8,8,52.72,6.59,6.59,0,0,0,2009-12-23,2009,12,23,0,0
"30-12-2009",12011,7192100336,7,7,7,46.13,6.59,6.59,0,0,0,2009-12-30,2009,12,30,0,0
"06-01-2010",12011,7192100336,7,6,6,46.13,6.59,6.59,0,0,0,2010-01-06,2010,1,6,0,0
"13-01-2010",12011,7192100336,10,9,9,65.9,6.59,6.59,0,0,0,2010-01-13,2010,1,13,0,0
"20-01-2010",12011,7192100336,7,6,6,46.13,6.59,6.59,0,0,0,2010-01-20,2010,1,20,0,0
"27-01-2010",12011,7192100336,11,11,11,54.89,4.99,6.59,1,0,0,2010-01-27,2010,1,27,-1.6,-0.242792109256449
"03-02-2010",12011,7192100336,8,8,8,52.72,6.59,6.59,0,0,0,2010-02-03,2010,2,3,0,0
"10-02-2010",12011,7192100336,3,3,3,19.77,6.59,6.59,0,0,0,2010-02-10,2010,2,10,0,0
"17-02-2010",12011,7192100336,2,2,2,13.18,6.59,6.59,0,0,0,2010-02-17,2010,2,17,0,0
"24-02-2010",12011,7192100336,11,11,11,72.49,6.59,6.59,0,0,0,2010-02-24,2010,2,24,0,0
"03-03-2010",12011,7192100336,6,6,6,39.54,6.59,6.59,0,0,0,2010-03-03,2010,3,3,0,0
"10-03-2010",12011,7192100336,30,26,26,136.2,4.54,6.59,1,0,0,2010-03-10,2010,3,10,-2.05,-0.311077389984825
"17-03-2010",12011,7192100336,18,16,16,82.44,4.58,6.59,0,1,0,2010-03-17,2010,3,17,-2.01,-0.305007587253414
"24-03-2010",12011,7192100336,26,20,20,116.22,4.47,6.59,1,0,0,2010-03-24,2010,3,24,-2.12,-0.321699544764795
"31-03-2010",12011,7192100336,29,25,24,136.01,4.69,6.59,1,0,0,2010-03-31,2010,3,31,-1.9,-0.288315629742033
"07-04-2010",12011,7192100336,11,8,8,72.49,6.59,6.59,0,0,0,2010-04-07,2010,4,7,0,0
"14-04-2010",12011,7192100336,7,6,6,46.13,6.59,6.59,0,0,0,2010-04-14,2010,4,14,0,0
"21-04-2010",12011,7192100336,9,6,6,59.31,6.59,6.59,0,0,0,2010-04-21,2010,4,21,0,0
"28-04-2010",12011,7192100336,6,5,5,39.54,6.59,6.59,0,0,0,2010-04-28,2010,4,28,0,0
"05-05-2010",12011,7192100336,1,1,1,6.59,6.59,6.59,0,0,0,2010-05-05,2010,5,5,0,0
"12-05-2010",12011,7192100336,7,7,7,46.13,6.59,6.59,0,0,0,2010-05-12,2010,5,12,0,0
"19-05-2010",12011,7192100336,8,7,7,52.72,6.59,6.59,0,0,0,2010-05-19,2010,5,19,0,0
"26-05-2010",12011,7192100336,5,5,5,32.95,6.59,6.59,0,0,0,2010-05-26,2010,5,26,0,0
"02-06-2010",12011,7192100336,1,1,1,6.59,6.59,6.59,0,0,0,2010-06-02,2010,6,2,0,0
"09-06-2010",12011,7192100336,7,6,6,46.13,6.59,6.59,0,0,0,2010-06-09,2010,6,9,0,0
"16-06-2010",12011,7192100336,20,17,16,99.8,4.99,6.59,1,0,0,2010-06-16,2010,6,16,-1.6,-0.242792109256449
"23-06-2010",12011,7192100336,21,16,16,104.79,4.99,6.59,1,0,0,2010-06-23,2010,6,23,-1.6,-0.242792109256449
"30-06-2010",12011,7192100336,2,2,2,13.18,6.59,6.59,0,0,0,2010-06-30,2010,6,30,0,0
"07-07-2010",12011,7192100336,4,3,3,26.36,6.59,6.59,0,0,0,2010-07-07,2010,7,7,0,0
"14-07-2010",12011,7192100336,20,19,18,98.8,4.94,6.59,1,0,0,2010-07-14,2010,7,14,-1.65,-0.250379362670713
"21-07-2010",12011,7192100336,7,6,6,44.31,6.33,6.33,0,0,0,2010-07-21,2010,7,21,0,0
"28-07-2010",12011,7192100336,7,7,7,46.13,6.59,6.59,0,0,0,2010-07-28,2010,7,28,0,0
"04-08-2010",12011,7192100336,3,3,3,19.77,6.59,6.59,0,0,0,2010-08-04,2010,8,4,0,0
"18-08-2010",12011,7192100336,22,18,18,109.78,4.99,6.59,1,0,0,2010-08-18,2010,8,18,-1.6,-0.242792109256449
"25-08-2010",12011,7192100336,11,9,9,54.89,4.99,6.59,1,0,0,2010-08-25,2010,8,25,-1.6,-0.242792109256449
"01-09-2010",12011,7192100336,6,5,5,29.94,4.99,6.59,0,0,1,2010-09-01,2010,9,1,-1.6,-0.242792109256449
"08-09-2010",12011,7192100336,8,7,7,39.92,4.99,6.59,0,0,1,2010-09-08,2010,9,8,-1.6,-0.242792109256449
"15-09-2010",12011,7192100336,17,17,17,86.36,5.08,6.59,0,0,1,2010-09-15,2010,9,15,-1.51,-0.229135053110774
"22-09-2010",12011,7192100336,18,14,14,85.86,4.77,6.59,1,0,0,2010-09-22,2010,9,22,-1.82,-0.276176024279211
"29-09-2010",12011,7192100336,8,8,8,41.52,5.19,6.59,0,0,1,2010-09-29,2010,9,29,-1.4,-0.212443095599393
"06-10-2010",12011,7192100336,11,10,10,56.54,5.14,6.59,0,0,1,2010-10-06,2010,10,6,-1.45,-0.220030349013657
"13-10-2010",12011,7192100336,20,20,20,89.8,4.49,6.59,1,1,0,2010-10-13,2010,10,13,-2.1,-0.31866464339909
"20-10-2010",12011,7192100336,28,26,26,125.72,4.49,6.59,1,1,0,2010-10-20,2010,10,20,-2.1,-0.31866464339909
"27-10-2010",12011,7192100336,6,6,6,37.44,6.24,6.24,0,0,0,2010-10-27,2010,10,27,0,0
"03-11-2010",12011,7192100336,8,6,6,44.96,5.62,6.24,0,0,1,2010-11-03,2010,11,3,-0.62,-0.0993589743589744
"10-11-2010",12011,7192100336,8,8,8,52.72,6.59,6.59,0,0,0,2010-11-10,2010,11,10,0,0
"17-11-2010",12011,7192100336,5,5,5,32.95,6.59,6.59,0,0,0,2010-11-17,2010,11,17,0,0
"24-11-2010",12011,7192100336,5,4,4,27.5,5.5,6.59,1,0,0,2010-11-24,2010,11,24,-1.09,-0.165402124430956
"01-12-2010",12011,7192100336,9,8,8,49.5,5.5,6.59,1,0,0,2010-12-01,2010,12,1,-1.09,-0.165402124430956
"08-12-2010",12011,7192100336,3,3,3,19.77,6.59,6.59,0,0,0,2010-12-08,2010,12,8,0,0
"15-12-2010",12011,7192100336,11,8,8,72.49,6.59,6.59,0,0,0,2010-12-15,2010,12,15,0,0
"22-12-2010",12011,7192100336,8,7,6,52.72,6.59,6.59,0,0,0,2010-12-22,2010,12,22,0,0
"29-12-2010",12011,7192100336,15,13,13,98.85,6.59,6.59,0,0,0,2010-12-29,2010,12,29,0,0
"05-01-2011",12011,7192100336,6,5,5,39.54,6.59,6.59,0,0,0,2011-01-05,2011,1,5,0,0
"12-01-2011",12011,7192100336,9,8,8,59.31,6.59,6.59,0,0,0,2011-01-12,2011,1,12,0,0
"19-01-2011",12011,7192100336,4,4,4,26.36,6.59,6.59,0,0,0,2011-01-19,2011,1,19,0,0
"26-01-2011",12011,7192100336,2,2,2,13.18,6.59,6.59,0,0,0,2011-01-26,2011,1,26,0,0
"02-02-2011",12011,7192100336,23,19,19,114.77,4.99,6.59,0,1,0,2011-02-02,2011,2,2,-1.6,-0.242792109256449
"09-02-2011",12011,7192100336,8,8,8,39.92,4.99,6.59,1,0,0,2011-02-09,2011,2,9,-1.6,-0.242792109256449
"16-02-2011",12011,7192100336,4,4,4,26.36,6.59,6.59,0,0,0,2011-02-16,2011,2,16,0,0
"23-02-2011",12011,7192100336,2,2,2,13.18,6.59,6.59,0,0,0,2011-02-23,2011,2,23,0,0
"02-03-2011",12011,7192100336,4,4,4,26.36,6.59,6.59,0,0,0,2011-03-02,2011,3,2,0,0
"09-03-2011",12011,7192100336,19,17,17,90.63,4.77,6.59,1,0,0,2011-03-09,2011,3,9,-1.82,-0.276176024279211
"16-03-2011",12011,7192100336,26,25,25,125.84,4.84,6.59,1,1,0,2011-03-16,2011,3,16,-1.75,-0.265553869499241
"23-03-2011",12011,7192100336,22,19,19,106.7,4.85,6.59,1,1,0,2011-03-23,2011,3,23,-1.74,-0.264036418816389
"30-03-2011",12011,7192100336,13,11,11,63.83,4.91,6.59,1,1,0,2011-03-30,2011,3,30,-1.68,-0.254931714719272
"06-04-2011",12011,7192100336,11,10,10,53.13,4.83,6.59,1,0,0,2011-04-06,2011,4,6,-1.76,-0.267071320182094
"13-04-2011",12011,7192100336,5,5,5,32.95,6.59,6.59,0,0,0,2011-04-13,2011,4,13,0,0
"20-04-2011",12011,7192100336,4,4,4,26.36,6.59,6.59,0,0,0,2011-04-20,2011,4,20,0,0
"27-04-2011",12011,7192100336,4,4,4,27.16,6.79,6.79,0,0,0,2011-04-27,2011,4,27,0,0
"04-05-2011",12011,7192100336,20,16,15,100,5,6.79,1,0,0,2011-05-04,2011,5,4,-1.79,-0.263622974963181
"11-05-2011",12011,7192100336,1,1,1,6.79,6.79,6.79,0,0,0,2011-05-11,2011,5,11,0,0
"18-05-2011",12011,7192100336,10,9,9,52.7,5.27,6.79,0,0,1,2011-05-18,2011,5,18,-1.52,-0.223858615611193
"25-05-2011",12011,7192100336,11,10,10,57.97,5.27,6.79,0,1,0,2011-05-25,2011,5,25,-1.52,-0.223858615611193
"01-06-2011",12011,7192100336,5,5,5,26.35,5.27,6.79,0,0,1,2011-06-01,2011,6,1,-1.52,-0.223858615611193
"08-06-2011",12011,7192100336,13,12,10,68.51,5.27,6.79,1,1,0,2011-06-08,2011,6,8,-1.52,-0.223858615611193
"15-06-2011",12011,7192100336,10,10,10,52.7,5.27,6.79,1,0,0,2011-06-15,2011,6,15,-1.52,-0.223858615611193
"22-06-2011",12011,7192100336,7,7,7,36.89,5.27,6.79,0,0,1,2011-06-22,2011,6,22,-1.52,-0.223858615611193
"29-06-2011",12011,7192100336,3,3,2,15.81,5.27,6.79,0,0,1,2011-06-29,2011,6,29,-1.52,-0.223858615611193
"06-07-2011",12011,7192100336,14,13,13,70.14,5.01,6.79,1,0,0,2011-07-06,2011,7,6,-1.78,-0.262150220913108
"13-07-2011",12011,7192100336,13,13,13,64.87,4.99,6.79,1,0,0,2011-07-13,2011,7,13,-1.8,-0.265095729013255
"20-07-2011",12011,7192100336,8,7,7,45.12,5.64,6.79,0,0,1,2011-07-20,2011,7,20,-1.15,-0.169366715758468
"27-07-2011",12011,7192100336,6,6,6,33.84,5.64,6.79,0,0,1,2011-07-27,2011,7,27,-1.15,-0.169366715758468
"03-08-2011",12011,7192100336,9,7,7,50.76,5.64,5.64,0,0,0,2011-08-03,2011,8,3,0,0
"10-08-2011",12011,7192100336,10,9,9,55.1,5.51,5.64,1,0,0,2011-08-10,2011,8,10,-0.13,-0.0230496453900709
"17-08-2011",12011,7192100336,9,9,9,49.41,5.49,5.64,1,0,0,2011-08-17,2011,8,17,-0.149999999999999,-0.026595744680851
"24-08-2011",12011,7192100336,12,10,10,67.68,5.64,5.64,0,0,0,2011-08-24,2011,8,24,0,0
"31-08-2011",12011,7192100336,6,6,6,33.84,5.64,5.64,0,0,0,2011-08-31,2011,8,31,0,0
"07-09-2011",12011,7192100336,3,3,3,16.92,5.64,5.64,0,0,0,2011-09-07,2011,9,7,0,0
"14-09-2011",12011,7192100336,13,11,11,73.32,5.64,5.64,0,0,0,2011-09-14,2011,9,14,0,0
"21-09-2011",12011,7192100336,36,32,30,189.72,5.27,5.64,1,1,0,2011-09-21,2011,9,21,-0.37,-0.0656028368794326
"28-09-2011",12011,7192100336,26,23,23,138.58,5.33,5.64,1,1,0,2011-09-28,2011,9,28,-0.31,-0.0549645390070921
"05-10-2011",12011,7192100336,9,9,9,50.22,5.58,5.58,0,0,0,2011-10-05,2011,10,5,0,0
"12-10-2011",12011,7192100336,7,7,7,39.48,5.64,5.64,0,0,0,2011-10-12,2011,10,12,0,0
"19-10-2011",12011,7192100336,3,3,3,16.92,5.64,5.64,0,0,0,2011-10-19,2011,10,19,0,0
"26-10-2011",12011,7192100336,1,1,1,5.8,5.8,5.8,0,0,0,2011-10-26,2011,10,26,0,0
"02-11-2011",12011,7192100336,2,2,2,11.6,5.8,5.8,0,0,0,2011-11-02,2011,11,2,0,0
"09-11-2011",12011,7192100336,7,7,7,40.6,5.8,5.8,0,0,0,2011-11-09,2011,11,9,0,0
"16-11-2011",12011,7192100336,3,3,3,17.4,5.8,5.8,0,0,0,2011-11-16,2011,11,16,0,0
"23-11-2011",12011,7192100336,14,13,12,77,5.5,5.8,1,0,0,2011-11-23,2011,11,23,-0.3,-0.0517241379310345
"30-11-2011",12011,7192100336,15,12,12,82.5,5.5,5.8,1,0,0,2011-11-30,2011,11,30,-0.3,-0.0517241379310345
"07-12-2011",12011,7192100336,8,6,6,46.4,5.8,5.8,0,0,0,2011-12-07,2011,12,7,0,0
"14-12-2011",12011,7192100336,7,7,7,40.6,5.8,5.8,0,0,0,2011-12-14,2011,12,14,0,0
"21-12-2011",12011,7192100336,16,13,13,92.8,5.8,5.8,0,0,0,2011-12-21,2011,12,21,0,0
"28-12-2011",12011,7192100336,7,7,7,40.6,5.8,5.8,0,0,0,2011-12-28,2011,12,28,0,0
"04-01-2012",12011,7192100336,9,8,8,45,5,5.8,1,0,0,2012-01-04,2012,1,4,-0.8,-0.137931034482759
